{
  "layerCount": 1,
  "layers": [
    {
      "layer": "geometry-extravaganza",
      "count": 6,
      "attributeCount": 4,
      "attributes": [
        {
          "values": [
            "bar",
            null
          ],
          "count": 2,
          "attribute": "foo",
          "type": "string"
        },
        {
          "values": [
            1,
            null
          ],
          "count": 2,
          "attribute": "bar",
          "type": "number",
          "min": 1,
          "max": 1
        },
        {
          "values": [
            "doo",
            null
          ],
          "count": 2,
          "attribute": "doodoo",
          "type": "string"
        },
        {
          "values": [
            true
          ],
          "count": 1,
          "attribute": "baz",
          "type": "boolean"
        }
      ],
      "geometry": "Point"
    }
  ]
}
