{
  "layerCount": 1,
  "layers": [
    {
      "layer": "long-attribute-names",
      "attributeCount": 1,
      "attributes": [
        {
          "values": [
            1,
            2
          ],
          "attribute": "LoremipsumdolorsitametconsecteturadipisicingelitseddoeiusmodtemporincididuntutlaboreetdoloremagnaaliquaUtenimadminimveniamquisnostrudexercitationullamcolaborisnisiutaliquipexeacommodoconsequatDuisauteiruredolorinreprehenderitinvoluptatevelitessecillumdolor",
          "type": "number"
        }
      ],
      "geometry": "Point"
    }
  ]
}
