{
  "layerCount": 1,
  "layers": [
    {
      "layer": "many-types",
      "attributeCount": 7,
      "attributes": [
        {
          "values": [
            true
          ],
          "attribute": "astonishing",
          "type": "boolean"
        },
        {
          "values": [
            7,
            "7"
          ],
          "attribute": "mixed",
          "type": "mixed"
        },
        {
          "attribute": "name",
          "type": "string"
        },
        {
          "values": [
            "[1,2,3]"
          ],
          "attribute": "numbers",
          "type": "string"
        },
        {
          "values": [
            6,
            99,
            86
          ],
          "attribute": "power",
          "type": "number"
        },
        {
          "values": [
            6,
            "{\"foo\":\"bar\"}"
          ],
          "attribute": "data",
          "type": "mixed"
        },
        {
          "values": [],
          "attribute": "description",
          "type": "string"
        }
      ],
      "geometry": ["LineString", "Point", "Polygon"]
    }
  ]
}
