{
  "layerCount": 1,
  "layers": [
    {
      "layer": "populations-plus",
      "attributeCount": 129,
      "attributes": [
        {
          "values": [
            1,
            0
          ],
          "attribute": "ADM0CAP",
          "type": "number"
        },
        {
          "attribute": "ADM0NAME",
          "type": "string"
        },
        {
          "attribute": "ADM0_A3",
          "type": "string"
        },
        {
          "attribute": "ADM1NAME",
          "type": "string"
        },
        {
          "attribute": "ADMIN1_COD",
          "type": "number",
          "min": 0,
          "max": 82
        },
        {
          "values": [
            0,
            1
          ],
          "attribute": "CAPALT",
          "type": "number"
        },
        {
          "values": [
            "",
            "Legislative and",
            "Claimed as inte",
            "Administrative",
            "Official, legis",
            "Legislative cap",
            "Offical capital",
            "Claimed as capi",
            "Official capita",
            "Judicial capita",
            "De facto, admin",
            "Official and ad",
            "Official (const",
            "De facto capita",
            "Capital of both",
            "Official and le",
            "While Jerulsale",
            "Former capital",
            "Official, de fa",
            "UN Headquarters",
            "Official, admin"
          ],
          "attribute": "CAPIN",
          "type": "string"
        },
        {
          "values": [
            4,
            0,
            20,
            40,
            5,
            1,
            3
          ],
          "attribute": "CHANGED",
          "type": "number"
        },
        {
          "values": [
            0,
            5
          ],
          "attribute": "CHECKME",
          "type": "number"
        },
        {
          "attribute": "CITYALT",
          "type": "string"
        },
        {
          "values": [
            0,
            1
          ],
          "attribute": "COMPARE",
          "type": "number"
        },
        {
          "values": [
            0,
            1
          ],
          "attribute": "DIFFASCII",
          "type": "number"
        },
        {
          "values": [
            "Changed scale rank.",
            "",
            "Population from GeoNames. Changed scale rank.",
            "Location adjusted. Changed scale rank.",
            "Added place.",
            "Changed country.",
            "Name changed.",
            "Location adjusted.",
            "Changed feature class.",
            "Changed feature to Admin-0 region capital.",
            "Name changed. Changed scale rank.",
            "Changed feature class. Changed scale rank.",
            "Corrected coordinates."
          ],
          "attribute": "DIFFNOTE",
          "type": "string"
        },
        {
          "values": [
            0,
            5,
            284,
            1317,
            2320,
            850,
            308,
            16,
            2,
            320,
            179,
            74,
            920,
            70,
            171,
            89,
            7,
            10,
            187
          ],
          "attribute": "ELEVATION",
          "type": "number"
        },
        {
          "values": [
            "Admin-0 capital",
            "Admin-0 capital alt",
            "Populated place",
            "Admin-1 capital",
            "Admin-1 region capital",
            "Admin-0 region capital"
          ],
          "attribute": "FEATURECLA",
          "type": "string"
        },
        {
          "values": [
            "P",
            ""
          ],
          "attribute": "FEATURE_CL",
          "type": "string"
        },
        {
          "values": [
            "PPLC",
            "",
            "PPL",
            "PPLA",
            "PPLG"
          ],
          "attribute": "FEATURE_CO",
          "type": "string"
        },
        {
          "attribute": "GEONAMEID",
          "type": "number",
          "min": -1,
          "max": 6942553
        },
        {
          "values": [
            "GeoNames match general.",
            "No GeoNames match due to small population, not in GeoNames, or poor NEV placement.",
            "GeoNames rough area, rough name.",
            "GeoNames spatial join with similar names only.",
            "GeoNames match general + researched.",
            "",
            "GeoNames match with ascii name + lat + long whole numbers.",
            "Geonames ascii name + lat.d + long.d matching.",
            "GeoNames rough area, rough name, requires further research."
          ],
          "attribute": "GEONAMESNO",
          "type": "string"
        },
        {
          "attribute": "GN_ASCII",
          "type": "string"
        },
        {
          "attribute": "GN_POP",
          "type": "number",
          "min": 0,
          "max": 14608512
        },
        {
          "attribute": "GTOPO30",
          "type": "number",
          "min": -9999,
          "max": 3829
        },
        {
          "attribute": "ISO_A2",
          "type": "mixed",
          "min": -99,
          "max": -99
        },
        {
          "values": [
            3,
            0,
            8,
            5,
            7,
            6,
            2,
            1
          ],
          "attribute": "LABELRANK",
          "type": "number"
        },
        {
          "attribute": "LATITUDE",
          "type": "number",
          "min": -41.2999739393,
          "max": 64.1500236197
        },
        {
          "attribute": "LONGITUDE",
          "type": "number",
          "min": -175.220564478,
          "max": 179.216647094
        },
        {
          "values": [
            1,
            0,
            2
          ],
          "attribute": "LS_MATCH",
          "type": "number"
        },
        {
          "attribute": "LS_NAME",
          "type": "string"
        },
        {
          "attribute": "MAX_AREAKM",
          "type": "number",
          "min": 0,
          "max": 186559
        },
        {
          "attribute": "MAX_AREAMI",
          "type": "number",
          "min": 0,
          "max": 72030
        },
        {
          "attribute": "MAX_BBXMAX",
          "type": "number",
          "min": -175.16666667,
          "max": 178.53333333
        },
        {
          "attribute": "MAX_BBXMIN",
          "type": "number",
          "min": -175.23333333,
          "max": 178.425
        },
        {
          "attribute": "MAX_BBYMAX",
          "type": "number",
          "min": -41.2,
          "max": 64.16666667
        },
        {
          "attribute": "MAX_BBYMIN",
          "type": "number",
          "min": -41.35,
          "max": 64.05
        },
        {
          "values": [
            20,
            50,
            100,
            0,
            300
          ],
          "attribute": "MAX_NATSCA",
          "type": "number"
        },
        {
          "attribute": "MAX_PERKM",
          "type": "number",
          "min": 0,
          "max": 130296
        },
        {
          "attribute": "MAX_PERMI",
          "type": "number",
          "min": 0,
          "max": 80962
        },
        {
          "attribute": "MAX_POP10",
          "type": "number",
          "min": 0,
          "max": 16172884
        },
        {
          "attribute": "MAX_POP20",
          "type": "number",
          "min": 0,
          "max": 24218878
        },
        {
          "attribute": "MAX_POP300",
          "type": "number",
          "min": 0,
          "max": 87652060
        },
        {
          "values": [
            0,
            968976,
            4983714,
            1256924,
            3576473,
            4561697,
            5187749,
            3910939,
            8450289,
            2244726,
            3767139,
            1337078,
            9206246,
            5451385,
            1108173,
            21991959,
            26749011,
            3503466,
            15645640,
            224908923,
            5190755,
            12611862,
            1610331,
            9212245,
            14903021,
            5678280,
            18924578,
            10011551,
            10140950,
            11547877,
            18948089,
            2666328,
            137121250,
            44354170,
            6333154,
            30696820,
            40576904,
            31303497,
            20149761,
            9960588,
            8889292,
            18203351,
            3164008,
            4207001,
            42594594
          ],
          "attribute": "MAX_POP310",
          "type": "number"
        },
        {
          "attribute": "MAX_POP50",
          "type": "number",
          "min": 0,
          "max": 53845691
        },
        {
          "attribute": "MEAN_BBXC",
          "type": "number",
          "min": -175.20679825,
          "max": 178.47288462
        },
        {
          "attribute": "MEAN_BBYC",
          "type": "number",
          "min": -41.28553922,
          "max": 64.116125
        },
        {
          "values": [
            0,
            1
          ],
          "attribute": "MEGACITY",
          "type": "number"
        },
        {
          "attribute": "MEGANAME",
          "type": "string"
        },
        {
          "attribute": "MIN_AREAKM",
          "type": "number",
          "min": 0,
          "max": 5912
        },
        {
          "attribute": "MIN_AREAMI",
          "type": "number",
          "min": 0,
          "max": 2283
        },
        {
          "attribute": "MIN_BBXMAX",
          "type": "number",
          "min": -175.16666667,
          "max": 178.53333333
        },
        {
          "attribute": "MIN_BBXMIN",
          "type": "number",
          "min": -175.23333333,
          "max": 178.425
        },
        {
          "attribute": "MIN_BBYMAX",
          "type": "number",
          "min": -41.2,
          "max": 64.16666667
        },
        {
          "attribute": "MIN_BBYMIN",
          "type": "number",
          "min": -41.35,
          "max": 64.05
        },
        {
          "attribute": "MIN_PERKM",
          "type": "number",
          "min": 0,
          "max": 2296
        },
        {
          "attribute": "MIN_PERMI",
          "type": "number",
          "min": 0,
          "max": 1427
        },
        {
          "attribute": "NAME",
          "type": "string"
        },
        {
          "values": [
            "",
            "Lomé",
            "Asunción",
            "Ciudad de Panamá|Panama City|Panama",
            "Muqdisho",
            "San José",
            "N'Djaména",
            "Ciudad de Guatemala (Guatemala City)",
            "Valparaíso",
            "Bayrut",
            "T'Bilisi",
            "Ottawa-Gatineau",
            "Yaoundé",
            "Phnum Pénh",
            "Nay Pyi Taw",
            "Hà Noi",
            "Sana'a'",
            "Dimashq",
            "Al-Khartum",
            "P'yongyang",
            "La Habana",
            "Al Kuwayt|Kuwait City",
            "Tel Aviv-Jaffa",
            "Brasília",
            "Bruxelles-Brussel",
            "El Djazaïr",
            "Yangon",
            "San Francisco-Oakland",
            "Denver-Aurora",
            "Kyiv",
            "Krung Thep",
            "Dar-el-Beida",
            "Ürümqi|Wulumqi",
            "Osaka-Kobe",
            "Bengaluru",
            "Athinai",
            "Los Angeles-Long Beach-Santa Ana",
            "Washington D.C.",
            "New York-Newark",
            "Ar-Riyadh",
            "Ciudad de México",
            "Bogotá",
            "Al-Qahirah",
            "Sao Paulo|São Paulo"
          ],
          "attribute": "NAMEALT",
          "type": "string"
        },
        {
          "attribute": "NAMEASCII",
          "type": "string"
        },
        {
          "values": [
            0,
            1
          ],
          "attribute": "NAMEDIFF",
          "type": "number"
        },
        {
          "values": [
            "",
            "Beograd",
            "Bucuresti",
            "Lisboa",
            "Warszawa",
            "Praha",
            "Copenhagen",
            "Dubayy",
            "Athínai",
            "Wien",
            "Moskva",
            "Bombay",
            "Calcutta"
          ],
          "attribute": "NAMEPAR",
          "type": "string"
        },
        {
          "values": [
            10,
            20,
            30,
            50,
            110,
            200,
            300,
            600
          ],
          "attribute": "NATSCALE",
          "type": "number"
        },
        {
          "values": [
            ""
          ],
          "attribute": "NOTE",
          "type": "string"
        },
        {
          "attribute": "POP1950",
          "type": "number",
          "min": 0,
          "max": 12338
        },
        {
          "attribute": "POP1955",
          "type": "number",
          "min": 0,
          "max": 13713
        },
        {
          "attribute": "POP1960",
          "type": "number",
          "min": 0,
          "max": 16679
        },
        {
          "attribute": "POP1965",
          "type": "number",
          "min": 0,
          "max": 20284
        },
        {
          "attribute": "POP1970",
          "type": "number",
          "min": 0,
          "max": 23298
        },
        {
          "attribute": "POP1975",
          "type": "number",
          "min": 0,
          "max": 26615
        },
        {
          "attribute": "POP1980",
          "type": "number",
          "min": 0,
          "max": 28549
        },
        {
          "attribute": "POP1985",
          "type": "number",
          "min": 0,
          "max": 30304
        },
        {
          "attribute": "POP1990",
          "type": "number",
          "min": 0,
          "max": 32530
        },
        {
          "attribute": "POP1995",
          "type": "number",
          "min": 0,
          "max": 33587
        },
        {
          "attribute": "POP2000",
          "type": "number",
          "min": 0,
          "max": 34450
        },
        {
          "attribute": "POP2005",
          "type": "number",
          "min": 0,
          "max": 35327
        },
        {
          "attribute": "POP2010",
          "type": "number",
          "min": 0,
          "max": 35676
        },
        {
          "attribute": "POP2015",
          "type": "number",
          "min": 0,
          "max": 36094
        },
        {
          "attribute": "POP2020",
          "type": "number",
          "min": 0,
          "max": 36371
        },
        {
          "attribute": "POP2025",
          "type": "number",
          "min": 0,
          "max": 36399
        },
        {
          "attribute": "POP2050",
          "type": "number",
          "min": 0,
          "max": 36400
        },
        {
          "attribute": "POP_MAX",
          "type": "number",
          "min": 500,
          "max": 35676000
        },
        {
          "attribute": "POP_MIN",
          "type": "number",
          "min": 200,
          "max": 14608512
        },
        {
          "attribute": "POP_OTHER",
          "type": "number",
          "min": 0,
          "max": 16803572
        },
        {
          "values": [
            2,
            7,
            5,
            9,
            4,
            8,
            10,
            11,
            12,
            6,
            14,
            13
          ],
          "attribute": "RANK_MAX",
          "type": "number"
        },
        {
          "values": [
            2,
            7,
            5,
            4,
            8,
            1,
            11,
            9,
            10,
            6,
            12,
            3,
            13,
            14
          ],
          "attribute": "RANK_MIN",
          "type": "number"
        },
        {
          "values": [
            8,
            7,
            6,
            4,
            3,
            2,
            1,
            0
          ],
          "attribute": "SCALERANK",
          "type": "number"
        },
        {
          "attribute": "SOV0NAME",
          "type": "string"
        },
        {
          "attribute": "SOV_A3",
          "type": "string"
        },
        {
          "attribute": "TIMEZONE",
          "type": "string"
        },
        {
          "attribute": "UN_ADM0",
          "type": "string"
        },
        {
          "attribute": "UN_FID",
          "type": "number",
          "min": 0,
          "max": 589
        },
        {
          "attribute": "UN_LAT",
          "type": "number",
          "min": -37.85,
          "max": 60.19
        },
        {
          "attribute": "UN_LONG",
          "type": "number",
          "min": -122.96,
          "max": 174.76
        },
        {
          "values": [
            1,
            0
          ],
          "attribute": "WORLDCITY",
          "type": "number"
        },
        {
          "attribute": "X",
          "type": "number",
          "min": -175.22056447761656,
          "max": 179.21664709402887
        },
        {
          "attribute": "Y",
          "type": "number",
          "min": -41.299973939276406,
          "max": 64.15002361973922
        },
        {
          "values": [
            0,
            ""
          ],
          "attribute": "a1",
          "type": "mixed"
        },
        {
          "values": [
            0,
            ""
          ],
          "attribute": "a10",
          "type": "mixed"
        },
        {
          "values": [
            0,
            ""
          ],
          "attribute": "a100",
          "type": "mixed"
        },
        {
          "values": [
            0,
            ""
          ],
          "attribute": "a11",
          "type": "mixed"
        },
        {
          "values": [
            0,
            ""
          ],
          "attribute": "a111",
          "type": "mixed"
        },
        {
          "values": [
            0,
            ""
          ],
          "attribute": "a1111",
          "type": "mixed"
        }
      ],
      "geometry": "Point"
    }
  ]
}
