{
  "layerCount": 1,
  "layers": [
    {
      "attributeCount": 2,
      "attributes": [
        {
          "attribute": "constructor",
          "type": "number",
          "values": [
            1,
            2
          ]
        },
        {
          "attribute": "prototype",
          "type": "string",
          "values": [
            "foo",
            null
          ]
        }
      ],
      "geometry": ["LineString", "Point"],
      "layer": "prototype"
    }
  ]
}
