{
  "layerCount": 2,
  "layers": [
    {
      "layer": "point-two",
      "attributeCount": 0,
      "attributes": [],
      "geometry": "Point"
    },
    {
      "layer": "point-one",
      "attributeCount": 0,
      "attributes": [],
      "geometry": "Point"
    }
  ]
}
