{
  "layerCount": 1,
  "layers": [
    {
      "layer": "two-thousand-properties",
      "attributeCount": 2,
      "attributes": [
        {
          "values": [
            "prop-value-1031"
          ],
          "attribute": "prop-1031",
          "type": "string"
        },
        {
          "values": [
            "prop-value-21"
          ],
          "attribute": "prop-21",
          "type": "string"
        }
      ],
      "geometry": "Point"
    }
  ]
}
