{
  "layerCount": 1,
  "layers": [
    {
      "layer": "world_merc",
      "attributeCount": 11,
      "attributes": [
        {
          "attribute": "AREA",
          "type": "number",
          "min": 0,
          "max": 1638094
        },
        {
          "attribute": "FIPS",
          "type": "string"
        },
        {
          "attribute": "ISO2",
          "type": "string"
        },
        {
          "attribute": "ISO3",
          "type": "string"
        },
        {
          "attribute": "LAT",
          "type": "number",
          "min": -55,
          "max": 79
        },
        {
          "attribute": "LON",
          "type": "number",
          "min": -179,
          "max": 180
        },
        {
          "attribute": "NAME",
          "type": "string"
        },
        {
          "attribute": "POP2005",
          "type": "number",
          "min": 0,
          "max": 1312978855
        },
        {
          "values": [
            19,
            2,
            142,
            150,
            9,
            0
          ],
          "attribute": "REGION",
          "type": "number"
        },
        {
          "values": [
            29,
            15,
            145,
            39,
            17,
            61,
            5,
            53,
            21,
            34,
            13,
            35,
            11,
            54,
            151,
            14,
            30,
            154,
            155,
            57,
            143,
            0,
            18
          ],
          "attribute": "SUBREGION",
          "type": "number"
        },
        {
          "attribute": "UN",
          "type": "number",
          "min": 4,
          "max": 894
        }
      ],
      "geometry": "Polygon"
    }
  ]
}
